
*** Running vivado
    with args -log top_module.vds -m64 -product Vivado -mode batch -messageDb vivado.pb -notrace -source top_module.tcl


ECHO is off.
ECHO is off.

****** Vivado v2023.1 (64-bit)
  **** SW Build 3865809 on Sun May  7 15:05:29 MDT 2023
  **** IP Build 3864474 on Sun May  7 20:36:21 MDT 2023
  **** SharedData Build 3865790 on Sun May 07 13:33:03 MDT 2023
    ** Copyright 1986-2022 Xilinx, Inc. All Rights Reserved.
    ** Copyright 2022-2023 Advanced Micro Devices, Inc. All Rights Reserved.

source top_module.tcl -notrace
create_project: Time (s): cpu = 00:00:06 ; elapsed = 00:00:06 . Memory (MB): peak = 430.875 ; gain = 162.777
Command: read_checkpoint -auto_incremental -incremental E:/harvard_cpu2/harvard_cpu2.srcs/utils_1/imports/synth_1/top_module.dcp
INFO: [Vivado 12-5825] Read reference checkpoint from E:/harvard_cpu2/harvard_cpu2.srcs/utils_1/imports/synth_1/top_module.dcp for incremental synthesis
INFO: [Vivado 12-7989] Please ensure there are no constraint changes
Command: synth_design -top top_module -part xc7a35tcpg236-1
Starting synth_design
Attempting to get a license for feature 'Synthesis' and/or device 'xc7a35t'
INFO: [Common 17-349] Got license for feature 'Synthesis' and/or device 'xc7a35t'
INFO: [Device 21-403] Loading part xc7a35tcpg236-1
INFO: [Designutils 20-5440] No compile time benefit to using incremental synthesis; A full resynthesis will be run
INFO: [Designutils 20-4379] Flow is switching to default flow due to incremental criteria not met. If you would like to alter this behaviour and have the flow terminate instead, please set the following parameter config_implementation {autoIncr.Synth.RejectBehavior Terminate}
INFO: [Synth 8-7079] Multithreading enabled for synth_design using a maximum of 2 processes.
INFO: [Synth 8-7078] Launching helper process for spawning children vivado processes
INFO: [Synth 8-7075] Helper process launched with PID 21188
---------------------------------------------------------------------------------
Starting RTL Elaboration : Time (s): cpu = 00:00:04 ; elapsed = 00:00:05 . Memory (MB): peak = 1248.910 ; gain = 410.875
---------------------------------------------------------------------------------
INFO: [Synth 8-6157] synthesizing module 'top_module' [E:/harvard_cpu2/harvard_cpu2.srcs/sources_1/imports/sources/top_module.v:23]
INFO: [Synth 8-6157] synthesizing module 'clock_divider' [E:/harvard_cpu2/harvard_cpu2.srcs/sources_1/imports/sources/clock_divider.v:14]
INFO: [Synth 8-6155] done synthesizing module 'clock_divider' (0#1) [E:/harvard_cpu2/harvard_cpu2.srcs/sources_1/imports/sources/clock_divider.v:14]
INFO: [Synth 8-226] default block is never used [E:/harvard_cpu2/harvard_cpu2.srcs/sources_1/imports/sources/top_module.v:88]
INFO: [Synth 8-6157] synthesizing module 'harvard_cpu' [E:/harvard_cpu2/harvard_cpu2.srcs/sources_1/imports/sources/harvard_cpu.v:7]
INFO: [Synth 8-6157] synthesizing module 'instruction_memory' [E:/harvard_cpu2/harvard_cpu2.srcs/sources_1/imports/sources/instruction_memory.v:7]
INFO: [Synth 8-3876] $readmem data file 'E:/harvard_cpu2/harvard_cpu2.srcs/sources_1/imports/memory_files/program.mem' is read successfully [E:/harvard_cpu2/harvard_cpu2.srcs/sources_1/imports/sources/instruction_memory.v:19]
INFO: [Synth 8-6155] done synthesizing module 'instruction_memory' (0#1) [E:/harvard_cpu2/harvard_cpu2.srcs/sources_1/imports/sources/instruction_memory.v:7]
INFO: [Synth 8-6157] synthesizing module 'data_memory' [E:/harvard_cpu2/harvard_cpu2.srcs/sources_1/imports/sources/data_memory.v:9]
INFO: [Synth 8-6155] done synthesizing module 'data_memory' (0#1) [E:/harvard_cpu2/harvard_cpu2.srcs/sources_1/imports/sources/data_memory.v:9]
INFO: [Synth 8-6157] synthesizing module 'register_file' [E:/harvard_cpu2/harvard_cpu2.srcs/sources_1/imports/sources/register_file.v:9]
INFO: [Synth 8-6155] done synthesizing module 'register_file' (0#1) [E:/harvard_cpu2/harvard_cpu2.srcs/sources_1/imports/sources/register_file.v:9]
INFO: [Synth 8-6157] synthesizing module 'control_unit' [E:/harvard_cpu2/harvard_cpu2.srcs/sources_1/imports/sources/control_unit.v:31]
INFO: [Synth 8-6155] done synthesizing module 'control_unit' (0#1) [E:/harvard_cpu2/harvard_cpu2.srcs/sources_1/imports/sources/control_unit.v:31]
INFO: [Synth 8-6157] synthesizing module 'alu' [E:/harvard_cpu2/harvard_cpu2.srcs/sources_1/imports/sources/alu.v:27]
INFO: [Synth 8-6155] done synthesizing module 'alu' (0#1) [E:/harvard_cpu2/harvard_cpu2.srcs/sources_1/imports/sources/alu.v:27]
INFO: [Synth 8-226] default block is never used [E:/harvard_cpu2/harvard_cpu2.srcs/sources_1/imports/sources/harvard_cpu.v:118]
INFO: [Synth 8-6155] done synthesizing module 'harvard_cpu' (0#1) [E:/harvard_cpu2/harvard_cpu2.srcs/sources_1/imports/sources/harvard_cpu.v:7]
INFO: [Synth 8-6157] synthesizing module 'seven_seg_display' [E:/harvard_cpu2/harvard_cpu2.srcs/sources_1/imports/sources/seven_seg_display.v:13]
INFO: [Synth 8-226] default block is never used [E:/harvard_cpu2/harvard_cpu2.srcs/sources_1/imports/sources/seven_seg_display.v:53]
INFO: [Synth 8-6155] done synthesizing module 'seven_seg_display' (0#1) [E:/harvard_cpu2/harvard_cpu2.srcs/sources_1/imports/sources/seven_seg_display.v:13]
INFO: [Synth 8-6155] done synthesizing module 'top_module' (0#1) [E:/harvard_cpu2/harvard_cpu2.srcs/sources_1/imports/sources/top_module.v:23]
WARNING: [Synth 8-3917] design top_module has port dp driven by constant 1
---------------------------------------------------------------------------------
Finished RTL Elaboration : Time (s): cpu = 00:00:05 ; elapsed = 00:00:06 . Memory (MB): peak = 1346.480 ; gain = 508.445
---------------------------------------------------------------------------------
---------------------------------------------------------------------------------
Start Handling Custom Attributes
---------------------------------------------------------------------------------
---------------------------------------------------------------------------------
Finished Handling Custom Attributes : Time (s): cpu = 00:00:05 ; elapsed = 00:00:06 . Memory (MB): peak = 1346.480 ; gain = 508.445
---------------------------------------------------------------------------------
---------------------------------------------------------------------------------
Finished RTL Optimization Phase 1 : Time (s): cpu = 00:00:05 ; elapsed = 00:00:06 . Memory (MB): peak = 1346.480 ; gain = 508.445
---------------------------------------------------------------------------------
Netlist sorting complete. Time (s): cpu = 00:00:00 ; elapsed = 00:00:00.006 . Memory (MB): peak = 1346.480 ; gain = 0.000
INFO: [Project 1-570] Preparing netlist for logic optimization

Processing XDC Constraints
Initializing timing engine
Parsing XDC File [E:/harvard_cpu2/harvard_cpu2.srcs/constrs_1/imports/constraints/basys3.xdc]
Finished Parsing XDC File [E:/harvard_cpu2/harvard_cpu2.srcs/constrs_1/imports/constraints/basys3.xdc]
INFO: [Project 1-236] Implementation specific constraints were found while reading constraint file [E:/harvard_cpu2/harvard_cpu2.srcs/constrs_1/imports/constraints/basys3.xdc]. These constraints will be ignored for synthesis but will be used in implementation. Impacted constraints are listed in the file [.Xil/top_module_propImpl.xdc].
Resolution: To avoid this warning, move constraints listed in [.Xil/top_module_propImpl.xdc] to another XDC file and exclude this new file from synthesis with the used_in_synthesis property (File Properties dialog in GUI) and re-run elaboration/synthesis.
Completed Processing XDC Constraints

Netlist sorting complete. Time (s): cpu = 00:00:00 ; elapsed = 00:00:00 . Memory (MB): peak = 1445.242 ; gain = 0.000
INFO: [Project 1-111] Unisim Transformation Summary:
No Unisim elements were transformed.

Constraint Validation Runtime : Time (s): cpu = 00:00:00 ; elapsed = 00:00:00.003 . Memory (MB): peak = 1445.242 ; gain = 0.000
INFO: [Designutils 20-5440] No compile time benefit to using incremental synthesis; A full resynthesis will be run
INFO: [Designutils 20-4379] Flow is switching to default flow due to incremental criteria not met. If you would like to alter this behaviour and have the flow terminate instead, please set the following parameter config_implementation {autoIncr.Synth.RejectBehavior Terminate}
---------------------------------------------------------------------------------
Finished Constraint Validation : Time (s): cpu = 00:00:12 ; elapsed = 00:00:13 . Memory (MB): peak = 1445.242 ; gain = 607.207
---------------------------------------------------------------------------------
---------------------------------------------------------------------------------
Start Loading Part and Timing Information
---------------------------------------------------------------------------------
Loading part: xc7a35tcpg236-1
---------------------------------------------------------------------------------
Finished Loading Part and Timing Information : Time (s): cpu = 00:00:12 ; elapsed = 00:00:13 . Memory (MB): peak = 1445.242 ; gain = 607.207
---------------------------------------------------------------------------------
---------------------------------------------------------------------------------
Start Applying 'set_property' XDC Constraints
---------------------------------------------------------------------------------
---------------------------------------------------------------------------------
Finished applying 'set_property' XDC Constraints : Time (s): cpu = 00:00:12 ; elapsed = 00:00:13 . Memory (MB): peak = 1445.242 ; gain = 607.207
---------------------------------------------------------------------------------
INFO: [Synth 8-802] inferred FSM for state register 'state_reg' in module 'harvard_cpu'
---------------------------------------------------------------------------------------------------
                   State |                     New Encoding |                Previous Encoding 
---------------------------------------------------------------------------------------------------
                ST_FETCH |                           000001 |                             0000
               ST_HALTED |                           100000 |                             0101
               ST_DECODE |                           010000 |                             0001
              ST_EXECUTE |                           001000 |                             0010
               ST_MEMORY |                           000100 |                             0011
            ST_WRITEBACK |                           000010 |                             0100
---------------------------------------------------------------------------------------------------
INFO: [Synth 8-3354] encoded FSM with state register 'state_reg' using encoding 'one-hot' in module 'harvard_cpu'
---------------------------------------------------------------------------------
Finished RTL Optimization Phase 2 : Time (s): cpu = 00:00:12 ; elapsed = 00:00:13 . Memory (MB): peak = 1445.242 ; gain = 607.207
---------------------------------------------------------------------------------
---------------------------------------------------------------------------------
Start RTL Component Statistics 
---------------------------------------------------------------------------------
Detailed RTL Component Info : 
+---Adders : 
	   8 Input   16 Bit       Adders := 2     
	   7 Input   16 Bit       Adders := 1     
	   2 Input   16 Bit       Adders := 1     
	   8 Input    8 Bit       Adders := 1     
	   2 Input    8 Bit       Adders := 2     
+---XORs : 
	   2 Input      1 Bit         XORs := 23    
	   3 Input      1 Bit         XORs := 15    
+---Registers : 
	                8 Bit    Registers := 8     
	                4 Bit    Registers := 1     
	                1 Bit    Registers := 8     
+---RAMs : 
	               2K Bit	(256 X 8 bit)          RAMs := 1     
+---Muxes : 
	   2 Input   16 Bit        Muxes := 21    
	   2 Input    8 Bit        Muxes := 15    
	   4 Input    8 Bit        Muxes := 3     
	   6 Input    6 Bit        Muxes := 1     
	   2 Input    6 Bit        Muxes := 1     
	   3 Input    5 Bit        Muxes := 1     
	   2 Input    5 Bit        Muxes := 3     
	   2 Input    4 Bit        Muxes := 3     
	   3 Input    4 Bit        Muxes := 1     
	   6 Input    4 Bit        Muxes := 1     
	   4 Input    4 Bit        Muxes := 2     
	   6 Input    3 Bit        Muxes := 1     
	   2 Input    2 Bit        Muxes := 2     
	   2 Input    1 Bit        Muxes := 24    
	   3 Input    1 Bit        Muxes := 4     
	   4 Input    1 Bit        Muxes := 2     
	   5 Input    1 Bit        Muxes := 1     
	  21 Input    1 Bit        Muxes := 1     
	   6 Input    1 Bit        Muxes := 2     
---------------------------------------------------------------------------------
Finished RTL Component Statistics 
---------------------------------------------------------------------------------
---------------------------------------------------------------------------------
Start Part Resource Summary
---------------------------------------------------------------------------------
Part Resources:
DSPs: 90 (col length:60)
BRAMs: 100 (col length: RAMB18 60 RAMB36 30)
---------------------------------------------------------------------------------
Finished Part Resource Summary
---------------------------------------------------------------------------------
---------------------------------------------------------------------------------
Start Cross Boundary and Area Optimization
---------------------------------------------------------------------------------
WARNING: [Synth 8-7080] Parallel synthesis criteria is not met
WARNING: [Synth 8-3917] design top_module has port dp driven by constant 1
---------------------------------------------------------------------------------
Finished Cross Boundary and Area Optimization : Time (s): cpu = 00:00:17 ; elapsed = 00:00:19 . Memory (MB): peak = 1445.242 ; gain = 607.207
---------------------------------------------------------------------------------
---------------------------------------------------------------------------------
Start ROM, RAM, DSP, Shift Register and Retiming Reporting
---------------------------------------------------------------------------------

ROM: Preliminary Mapping Report
+-------------------+------------+---------------+----------------+
|Module Name        | RTL Object | Depth x Width | Implemented As | 
+-------------------+------------+---------------+----------------+
|instruction_memory | mem        | 32x8          | LUT            | 
|top_module         | p_0_out    | 32x8          | LUT            | 
+-------------------+------------+---------------+----------------+


Block RAM: Preliminary Mapping Report (see note below)
+------------+---------------------+------------------------+---+---+------------------------+---+---+------------------+--------+--------+
|Module Name | RTL Object          | PORT A (Depth x Width) | W | R | PORT B (Depth x Width) | W | R | Ports driving FF | RAMB18 | RAMB36 | 
+------------+---------------------+------------------------+---+---+------------------------+---+---+------------------+--------+--------+
|top_module  | cpu/dmem/memory_reg | 256 x 8(READ_FIRST)    | W |   | 256 x 8(WRITE_FIRST)   |   | R | Port A and B     | 1      | 0      | 
+------------+---------------------+------------------------+---+---+------------------------+---+---+------------------+--------+--------+

Note: The table above is a preliminary report that shows the Block RAMs at the current stage of the synthesis flow. Some Block RAMs may be reimplemented as non Block RAM primitives later in the synthesis flow. Multiple instantiated Block RAMs are reported only once. 
---------------------------------------------------------------------------------
Finished ROM, RAM, DSP, Shift Register and Retiming Reporting
---------------------------------------------------------------------------------
---------------------------------------------------------------------------------
Start Applying XDC Timing Constraints
---------------------------------------------------------------------------------
---------------------------------------------------------------------------------
Finished Applying XDC Timing Constraints : Time (s): cpu = 00:00:22 ; elapsed = 00:00:24 . Memory (MB): peak = 1445.242 ; gain = 607.207
---------------------------------------------------------------------------------
---------------------------------------------------------------------------------
Start Timing Optimization
---------------------------------------------------------------------------------
---------------------------------------------------------------------------------
Finished Timing Optimization : Time (s): cpu = 00:00:27 ; elapsed = 00:00:29 . Memory (MB): peak = 1504.555 ; gain = 666.520
---------------------------------------------------------------------------------
---------------------------------------------------------------------------------
Start ROM, RAM, DSP, Shift Register and Retiming Reporting
---------------------------------------------------------------------------------

Block RAM: Final Mapping Report
+------------+---------------------+------------------------+---+---+------------------------+---+---+------------------+--------+--------+
|Module Name | RTL Object          | PORT A (Depth x Width) | W | R | PORT B (Depth x Width) | W | R | Ports driving FF | RAMB18 | RAMB36 | 
+------------+---------------------+------------------------+---+---+------------------------+---+---+------------------+--------+--------+
|top_module  | cpu/dmem/memory_reg | 256 x 8(READ_FIRST)    | W |   | 256 x 8(WRITE_FIRST)   |   | R | Port A and B     | 1      | 0      | 
+------------+---------------------+------------------------+---+---+------------------------+---+---+------------------+--------+--------+

---------------------------------------------------------------------------------
Finished ROM, RAM, DSP, Shift Register and Retiming Reporting
---------------------------------------------------------------------------------
---------------------------------------------------------------------------------
Start Technology Mapping
---------------------------------------------------------------------------------
INFO: [Synth 8-7052] The timing for the instance cpu/dmem/memory_reg (implemented as a Block RAM) might be sub-optimal as no optional output register could be merged into the ram block. Providing additional output register may help in improving timing.
---------------------------------------------------------------------------------
Finished Technology Mapping : Time (s): cpu = 00:00:27 ; elapsed = 00:00:29 . Memory (MB): peak = 1504.609 ; gain = 666.574
---------------------------------------------------------------------------------
---------------------------------------------------------------------------------
Start IO Insertion
---------------------------------------------------------------------------------
---------------------------------------------------------------------------------
Start Flattening Before IO Insertion
---------------------------------------------------------------------------------
---------------------------------------------------------------------------------
Finished Flattening Before IO Insertion
---------------------------------------------------------------------------------
---------------------------------------------------------------------------------
Start Final Netlist Cleanup
---------------------------------------------------------------------------------
---------------------------------------------------------------------------------
Finished Final Netlist Cleanup
---------------------------------------------------------------------------------
---------------------------------------------------------------------------------
Finished IO Insertion : Time (s): cpu = 00:00:31 ; elapsed = 00:00:33 . Memory (MB): peak = 1513.406 ; gain = 675.371
---------------------------------------------------------------------------------
---------------------------------------------------------------------------------
Start Renaming Generated Instances
---------------------------------------------------------------------------------
---------------------------------------------------------------------------------
Finished Renaming Generated Instances : Time (s): cpu = 00:00:31 ; elapsed = 00:00:33 . Memory (MB): peak = 1513.406 ; gain = 675.371
---------------------------------------------------------------------------------
---------------------------------------------------------------------------------
Start Rebuilding User Hierarchy
---------------------------------------------------------------------------------
---------------------------------------------------------------------------------
Finished Rebuilding User Hierarchy : Time (s): cpu = 00:00:31 ; elapsed = 00:00:33 . Memory (MB): peak = 1513.406 ; gain = 675.371
---------------------------------------------------------------------------------
---------------------------------------------------------------------------------
Start Renaming Generated Ports
---------------------------------------------------------------------------------
---------------------------------------------------------------------------------
Finished Renaming Generated Ports : Time (s): cpu = 00:00:31 ; elapsed = 00:00:33 . Memory (MB): peak = 1513.406 ; gain = 675.371
---------------------------------------------------------------------------------
---------------------------------------------------------------------------------
Start Handling Custom Attributes
---------------------------------------------------------------------------------
---------------------------------------------------------------------------------
Finished Handling Custom Attributes : Time (s): cpu = 00:00:31 ; elapsed = 00:00:33 . Memory (MB): peak = 1513.422 ; gain = 675.387
---------------------------------------------------------------------------------
---------------------------------------------------------------------------------
Start Renaming Generated Nets
---------------------------------------------------------------------------------
---------------------------------------------------------------------------------
Finished Renaming Generated Nets : Time (s): cpu = 00:00:31 ; elapsed = 00:00:33 . Memory (MB): peak = 1513.422 ; gain = 675.387
---------------------------------------------------------------------------------
---------------------------------------------------------------------------------
Start Writing Synthesis Report
---------------------------------------------------------------------------------

Report BlackBoxes: 
+-+--------------+----------+
| |BlackBox name |Instances |
+-+--------------+----------+
+-+--------------+----------+

Report Cell Usage: 
+------+---------+------+
|      |Cell     |Count |
+------+---------+------+
|1     |BUFG     |     2|
|2     |CARRY4   |    50|
|3     |LUT1     |     4|
|4     |LUT2     |    56|
|5     |LUT3     |    81|
|6     |LUT4     |    65|
|7     |LUT5     |    88|
|8     |LUT6     |   137|
|9     |MUXF7    |     7|
|10    |MUXF8    |     1|
|11    |RAMB18E1 |     1|
|12    |FDCE     |     3|
|13    |FDRE     |   111|
|14    |FDSE     |     5|
|15    |IBUF     |    22|
|16    |OBUF     |    28|
+------+---------+------+
---------------------------------------------------------------------------------
Finished Writing Synthesis Report : Time (s): cpu = 00:00:31 ; elapsed = 00:00:33 . Memory (MB): peak = 1513.422 ; gain = 675.387
---------------------------------------------------------------------------------
Synthesis finished with 0 errors, 0 critical warnings and 2 warnings.
Synthesis Optimization Runtime : Time (s): cpu = 00:00:24 ; elapsed = 00:00:31 . Memory (MB): peak = 1513.422 ; gain = 576.625
Synthesis Optimization Complete : Time (s): cpu = 00:00:31 ; elapsed = 00:00:33 . Memory (MB): peak = 1513.422 ; gain = 675.387
INFO: [Project 1-571] Translating synthesized netlist
Netlist sorting complete. Time (s): cpu = 00:00:00 ; elapsed = 00:00:00.006 . Memory (MB): peak = 1525.500 ; gain = 0.000
INFO: [Netlist 29-17] Analyzing 59 Unisim elements for replacement
INFO: [Netlist 29-28] Unisim Transformation completed in 0 CPU seconds
INFO: [Project 1-570] Preparing netlist for logic optimization
INFO: [Opt 31-138] Pushed 0 inverter(s) to 0 load pin(s).
Netlist sorting complete. Time (s): cpu = 00:00:00 ; elapsed = 00:00:00 . Memory (MB): peak = 1529.156 ; gain = 0.000
INFO: [Project 1-111] Unisim Transformation Summary:
No Unisim elements were transformed.

Synth Design complete | Checksum: 90f506b5
INFO: [Common 17-83] Releasing license: Synthesis
46 Infos, 3 Warnings, 0 Critical Warnings and 0 Errors encountered.
synth_design completed successfully
synth_design: Time (s): cpu = 00:00:35 ; elapsed = 00:00:38 . Memory (MB): peak = 1529.156 ; gain = 1073.391
INFO: [Common 17-1381] The checkpoint 'E:/harvard_cpu2/harvard_cpu2.runs/synth_1/top_module.dcp' has been generated.
INFO: [runtcl-4] Executing : report_utilization -file top_module_utilization_synth.rpt -pb top_module_utilization_synth.pb
INFO: [Common 17-206] Exiting Vivado at Sat Apr 11 16:42:25 2026...
